#-----------------------------------------------------------
# Vivado v2019.2 (64-bit)
# SW Build 2708876 on Wed Nov  6 21:40:23 MST 2019
# IP Build 2700528 on Thu Nov  7 00:09:20 MST 2019
# Start of session at: Tue Dec 21 15:12:50 2021
# Process ID: 11400
# Current directory: C:/Users/itama/Desktop/Architettura dei Sistemi Digitali/Esercizio 10-Switch multistadio/switch_multistadio
# Command line: vivado.exe -gui_launcher_event rodinguilauncherevent16616 C:\Users\itama\Desktop\Architettura dei Sistemi Digitali\Esercizio 10-Switch multistadio\switch_multistadio\switch_multistadio.xpr
# Log file: C:/Users/itama/Desktop/Architettura dei Sistemi Digitali/Esercizio 10-Switch multistadio/switch_multistadio/vivado.log
# Journal file: C:/Users/itama/Desktop/Architettura dei Sistemi Digitali/Esercizio 10-Switch multistadio/switch_multistadio\vivado.jou
#-----------------------------------------------------------
start_gui
open_project {C:/Users/itama/Desktop/Architettura dei Sistemi Digitali/Esercizio 10-Switch multistadio/switch_multistadio/switch_multistadio.xpr}
update_compile_order -fileset sources_1
